// Jest Snapshot v1, https://goo.gl/fbAQLP

exports[`Testing my <CounterApp/> It must does match with a snapshot 1`] = `
<div>
  <h1>
    Counter APP
  </h1>
  <h2>
     Cups of coffe today 
    20
  </h2>
  <button>
     +1 
  </button>
  <button>
     -1 
  </button>
  <button>
     Reset 
  </button>
</div>
`;
